// Jest Snapshot v1, https://goo.gl/fbAQLP

exports[`DataTable.vue matches snapshot 1`] = `
<div class="table-wrapper">
  <table class="table-container">
    <thead>
      <tr>
        <th data-sort="" data-id="name">Name</th>
        <th data-sort="" data-id="age">Age</th>
      </tr>
    </thead>
    <tbody>
      <tr class="table-data">
        <td data-id="0-name" class="table-cell">Alice</td>
        <td data-id="0-age" class="table-cell">
          <div class="last-column"><span class="cell-text">30</span>
            <!--v-if-->
          </div>
        </td>
      </tr>
      <tr class="table-data">
        <td data-id="1-name" class="table-cell">Bob</td>
        <td data-id="1-age" class="table-cell">
          <div class="last-column"><span class="cell-text">25</span>
            <!--v-if-->
          </div>
        </td>
      </tr>
    </tbody>
  </table>
</div>
`;
